******************************************************************************
               TMS320C6x Linker PC v7.2.3                      
******************************************************************************
>> Linked Fri Apr 27 10:33:07 2018

OUTPUT FILE NAME:   <RingModLab.out>
ENTRY POINT SYMBOL: "_c_int00"  address: 0000d360


MEMORY CONFIGURATION

         name            origin    length      used     unused   attr    fill
----------------------  --------  ---------  --------  --------  ----  --------
  IVECS                 00000000   00000220  00000200  00000020  RWIX
  IRAM                  00000220   0002fde0  00014298  0001bb48  RWIX
  SDRAM                 80000000   00100000  00000000  00100000  RWIX
  FLASH                 90000000   00020000  00000000  00020000  RWIX


SECTION ALLOCATION MAP

 output                                  attributes/
section   page    origin      length       input sections
--------  ----  ----------  ----------   ----------------
.vectors   0    00000000    00000200     
                  00000000    00000200     Vectors_intr.obj (.vectors)

.text      0    00000220    0000d5a0     
                  00000220    00001640     RingMod_Main.obj (.text)
                  00001860    00000aa0     RingMod_Main.obj (.text:retain)
                  00002300    00000700     rts6400.lib : divd.obj (.text:__divd)
                  00002a00    00000620                 : _printfi.obj (.text:__getarg_diouxp)
                  00003020    000005a0     c6416dskinit.obj (.text)
                  000035c0    00000500     rts6400.lib : _printfi.obj (.text:__setfield)
                  00003ac0    000004e0                 : _printfi.obj (.text:__printfi)
                  00003fa0    000004c0                 : cos.obj (.text:_cos)
                  00004460    00000460                 : divf.obj (.text:__divf)
                  000048c0    00000460                 : sin.obj (.text:_sin)
                  00004d20    00000400                 : _printfi.obj (.text:_fcvt)
                  00005120    000003c0                 : addf.obj (.text:__addf)
                  000054e0    000003c0                 : _printfi.obj (.text:_ecvt)
                  000058a0    000003c0     dsk6416bsl.lib : dsk6416.obj (.text)
                  00005c60    000003a0     rts6400.lib : _printfi.obj (.text:__pproc_fge)
                  00006000    00000340                 : _printfi.obj (.text:__pproc_fwp)
                  00006340    00000340                 : fputs.obj (.text:_fputs)
                  00006680    00000320                 : _printfi.obj (.text:__pconv_e)
                  000069a0    000002e0                 : memory.obj (.text:_free)
                  00006c80    000002c0                 : imath64.obj (.text:__divull)
                  00006f40    000002c0                 : sqrt.obj (.text:_sqrt)
                  00007200    00000280                 : mpyd.obj (.text:__mpyd)
                  00007480    00000280                 : _printfi.obj (.text:__pproc_diouxp)
                  00007700    00000260                 : addd.obj (.text:__addd)
                  00007960    00000260                 : frcaddd.obj (.text:__frcaddd)
                  00007bc0    00000260                 : frcmpyd_div.obj (.text:__frcmpyd_div)
                  00007e20    00000260                 : _printfi.obj (.text:__pconv_g)
                  00008080    00000260                 : _printfi.obj (.text:__pproc_str)
                  000082e0    00000240                 : mpyf.obj (.text:__mpyf)
                  00008520    00000240                 : ldexp.obj (.text:_ldexp)
                  00008760    00000220                 : _printfi.obj (.text:__mcpy)
                  00008980    00000220     dsk6416bsl.lib : dsk6416_aic23_opencodec.obj (.text)
                  00008ba0    00000220                    : dsk6416_aic23_registers.obj (.text)
                  00008dc0    00000200     rts6400.lib : trgdrv.obj (.text:_HOSTrename)
                  00008fc0    000001e0     csl6416.lib : csl_irq.obj (.text:_IRQ_map)
                  000091a0    000001e0                 : csl_mcbsp.obj (.text:_MCBSP_reset)
                  00009380    000001e0     rts6400.lib : frexp.obj (.text:_frexp)
                  00009560    000001c0                 : memory.obj (.text:_malloc)
                  00009720    000001c0                 : setvbuf.obj (.text:_setvbuf)
                  000098e0    000001a0                 : imath40.obj (.text:__divul)
                  00009a80    00000180                 : lowlev.obj (.text:_getdevice)
                  00009c00    00000160                 : _printfi.obj (.text:__ltostr)
                  00009d60    00000160                 : round.obj (.text:__nround)
                  00009ec0    00000160                 : _printfi.obj (.text:__pproc_fflags)
                  0000a020    00000160                 : fputc.obj (.text:_fputc)
                  0000a180    00000140                 : fclose.obj (.text:_fclose)
                  0000a2c0    00000120                 : trgdrv.obj (.text:_HOSTlseek)
                  0000a3e0    00000120                 : autoinit.obj (.text:__auto_init)
                  0000a500    00000120                 : frcmpyd.obj (.text:__frcmpyd)
                  0000a620    00000120                 : atoi.obj (.text:_atoi)
                  0000a740    00000100                 : trgdrv.obj (.text:_HOSTopen)
                  0000a840    00000100                 : trgdrv.obj (.text:_HOSTread)
                  0000a940    00000100                 : trgdrv.obj (.text:_HOSTwrite)
                  0000aa40    00000100                 : divi.obj (.text:__divi)
                  0000ab40    00000100                 : _io_perm.obj (.text:__wrt_ok)
                  0000ac40    00000100                 : lowlev.obj (.text:_close)
                  0000ad40    00000100                 : exit.obj (.text:_exit)
                  0000ae40    00000100                 : fseek.obj (.text:_fseek)
                  0000af40    00000100                 : lowlev.obj (.text:_lseek)
                  0000b040    00000100                 : ltoa.obj (.text:_ltoa)
                  0000b140    00000100                 : memset.obj (.text:_memset)
                  0000b240    00000100                 : lowlev.obj (.text:_write)
                  0000b340    00000100     dsk6416bsl.lib : dsk6416_aic23_setfreq.obj (.text)
                  0000b440    000000e0     rts6400.lib : trgdrv.obj (.text:_HOSTunlink)
                  0000b520    000000e0     csl6416.lib : csl_mcbsp.obj (.text:_MCBSP_open)
                  0000b600    000000e0                 : csl_mcbsp.obj (.text:_MCBSP_start)
                  0000b6e0    000000e0     rts6400.lib : fopen.obj (.text:__cleanup)
                  0000b7c0    000000e0                 : cmpd.obj (.text:__cmpd)
                  0000b8a0    000000e0                 : _printfi.obj (.text:__div)
                  0000b980    000000e0                 : fflush.obj (.text:__doflush)
                  0000ba60    000000e0                 : _printfi.obj (.text:__pconv_f)
                  0000bb40    000000e0                 : memcpy64.obj (.text:_memcpy)
                  0000bc20    000000e0                 : modf.obj (.text:_modf)
                  0000bd00    000000c0                 : trgdrv.obj (.text:_HOSTclose)
                  0000bdc0    000000c0     csl6416.lib : csl_mcbsp.obj (.text:_MCBSP_config)
                  0000be80    000000c0     rts6400.lib : cvtdf.obj (.text:__cvtdf)
                  0000bf40    000000c0                 : divu.obj (.text:__divu)
                  0000c000    000000c0                 : _printfi.obj (.text:__ecpy)
                  0000c0c0    000000c0                 : _printfi.obj (.text:__fcpy)
                  0000c180    000000c0                 : remi.obj (.text:__remi)
                  0000c240    000000c0                 : strasg.obj (.text:__strasg)
                  0000c300    000000c0                 : memory.obj (.text:_minsert)
                  0000c3c0    000000c0                 : memory.obj (.text:_mremove)
                  0000c480    000000c0     csl6416.lib : csl_irq.obj (.text:_setMux)
                  0000c540    000000a0                 : csl_emifa.obj (.text:_EMIFA_config)
                  0000c5e0    000000a0                 : csl_emifb.obj (.text:_EMIFB_config)
                  0000c680    000000a0     rts6400.lib : cmpf.obj (.text:__cmpf)
                  0000c720    000000a0                 : imath40.obj (.text:__divli)
                  0000c7c0    000000a0                 : fixdi.obj (.text:__fixdi)
                  0000c860    000000a0                 : fixdli.obj (.text:__fixdli)
                  0000c900    000000a0                 : fixfi.obj (.text:__fixfi)
                  0000c9a0    000000a0                 : frcmpyf_div.obj (.text:__frcmpyf_div)
                  0000ca40    000000a0                 : renormd.obj (.text:__renormd)
                  0000cae0    000000a0                 : cpy_tbl.obj (.text:_copy_in)
                  0000cb80    000000a0                 : lowlev.obj (.text:_finddevice)
                  0000cc20    000000a0                 : rand.obj (.text:_rand)
                  0000ccc0    00000080                 : fltlid.obj (.text:__fltlid)
                  0000cd40    00000080                 : llshift.obj (.text:__llshl)
                  0000cdc0    00000080                 : mpyll.obj (.text:__mpyll)
                  0000ce40    00000080                 : memccpy.obj (.text:_memccpy)
                  0000cec0    00000080                 : printf.obj (.text:_printf)
                  0000cf40    00000080                 : trgmsg.obj (.text:_readmsg)
                  0000cfc0    00000080                 : lowlev.obj (.text:_unlink)
                  0000d040    00000080     dsk6416bsl.lib : dsk6416_dip.obj (.text)
                  0000d0c0    00000060     rts6400.lib : cvtfd.obj (.text:__cvtfd)
                  0000d120    00000060                 : fltid.obj (.text:__fltid)
                  0000d180    00000060                 : fltif.obj (.text:__fltif)
                  0000d1e0    00000060                 : frcmpyf.obj (.text:__frcmpyf)
                  0000d240    00000060                 : llshift.obj (.text:__llshru)
                  0000d2a0    00000060                 : imath40.obj (.text:__remli)
                  0000d300    00000060                 : imath64.obj (.text:__subcull)
                  0000d360    00000060                 : boot.obj (.text:_c_int00)
                  0000d3c0    00000060                 : trgmsg.obj (.text:_writemsg)
                  0000d420    00000040                 : isinf.obj (.text:___isinf)
                  0000d460    00000040                 : _printfi.obj (.text:___isnan)
                  0000d4a0    00000040                 : divd.obj (.text:___isnan)
                  0000d4e0    00000040                 : divf.obj (.text:___isnanf)
                  0000d520    00000040                 : args_main.obj (.text:__args_main)
                  0000d560    00000040                 : negd.obj (.text:__negd)
                  0000d5a0    00000040                 : subd.obj (.text:__subd)
                  0000d5e0    00000040                 : subf.obj (.text:__subf)
                  0000d620    00000020     Vectors_intr.obj (.text)
                  0000d640    00000020     csl6416.lib : csl_mcbsp.obj (.text:_MCBSP_read)
                  0000d660    00000020                 : csl_mcbsp.obj (.text:_MCBSP_rrdy)
                  0000d680    00000020                 : csl_mcbsp.obj (.text:_MCBSP_write)
                  0000d6a0    00000020                 : csl_mcbsp.obj (.text:_MCBSP_xrdy)
                  0000d6c0    00000020     rts6400.lib : negll.obj (.text:__negll)
                  0000d6e0    00000020                 : _lock.obj (.text:__nop)
                  0000d700    00000020                 : printf.obj (.text:__outc)
                  0000d720    00000020                 : printf.obj (.text:__outs)
                  0000d740    00000020                 : trunc.obj (.text:__trunc)
                  0000d760    00000020                 : exit.obj (.text:_abort)
                  0000d780    00000020                 : remove.obj (.text:_remove)
                  0000d7a0    00000020     csl6416.lib : csl_irq.obj (.text)

.bss       0    00000220    00000000     UNINITIALIZED

.far       0    0000d7c0    00004368     UNINITIALIZED
                  0000d7c0    00003d9c     RingMod_Main.obj (.far)
                  0001155c    00000004     dsk6416bsl.lib : dsk6416.obj (.far)
                  00011560    00000194     rts6400.lib : defs.obj (.far)
                  000116f4    00000004                 : errno.obj (.far)
                  000116f8    00000100     csl6416.lib : csl_irq.obj (.far)
                  000117f8    000000d0     rts6400.lib : trgdrv.obj (.far)
                  000118c8    000000cc                 : lowlev.obj (.far)
                  00011994    0000005a     c6416dskinit.obj (.far)
                  000119ee    00000002     --HOLE--
                  000119f0    00000054     csl6416.lib : csl_mcbsp.obj (.far)
                  00011a44    00000004     rts6400.lib : fopen.obj (.far)
                  00011a48    00000040                 : cos.obj (.far)
                  00011a88    00000040                 : sin.obj (.far)
                  00011ac8    00000020     dsk6416bsl.lib : dsk6416_aic23_setfreq.obj (.far)
                  00011ae8    00000014                    : dsk6416_aic23_registers.obj (.far)
                  00011afc    0000000c     rts6400.lib : exit.obj (.far)
                  00011b08    00000008     dsk6416bsl.lib : dsk6416_aic23_opencodec.obj (.far)
                  00011b10    00000008     rts6400.lib : _lock.obj (.far)
                  00011b18    00000008                 : memory.obj (.far)
                  00011b20    00000008                 : rand.obj (.far)

.cinit     0    00011b28    00001e04     
                  00011b28    000019a4     RingMod_Main.obj (.cinit)
                  000134cc    00000004     --HOLE-- [fill = 0]
                  000134d0    0000012c     csl6416.lib : csl_irq.obj (.cinit)
                  000135fc    00000004     --HOLE-- [fill = 0]
                  00013600    0000007c                 : csl_mcbsp.obj (.cinit)
                  0001367c    00000004     --HOLE-- [fill = 0]
                  00013680    0000005c     c6416dskinit.obj (.cinit)
                  000136dc    00000004     --HOLE-- [fill = 0]
                  000136e0    0000005c     rts6400.lib : defs.obj (.cinit)
                  0001373c    00000004     --HOLE-- [fill = 0]
                  00013740    0000005c                 : lowlev.obj (.cinit)
                  0001379c    00000004     --HOLE-- [fill = 0]
                  000137a0    00000048                 : cos.obj (.cinit)
                  000137e8    00000048                 : sin.obj (.cinit)
                  00013830    0000002c                 : exit.obj (.cinit)
                  0001385c    00000004     --HOLE-- [fill = 0]
                  00013860    0000002c                 : memory.obj (.cinit)
                  0001388c    00000004     --HOLE-- [fill = 0]
                  00013890    00000028     dsk6416bsl.lib : dsk6416_aic23_setfreq.obj (.cinit)
                  000138b8    0000001c                    : dsk6416_aic23_registers.obj (.cinit)
                  000138d4    00000004     --HOLE-- [fill = 0]
                  000138d8    0000001c     rts6400.lib : _lock.obj (.cinit)
                  000138f4    00000004     --HOLE-- [fill = 0]
                  000138f8    00000010                 : rand.obj (.cinit)
                  00013908    0000000c                 : errno.obj (.cinit)
                  00013914    00000004     --HOLE-- [fill = 0]
                  00013918    0000000c                 : fopen.obj (.cinit)
                  00013924    00000004     --HOLE-- [fill = 0]
                  00013928    00000004     (.pad.cinit) [fill = 0]

.stack     0    00013930    00000400     UNINITIALIZED
                  00013930    00000008     rts6400.lib : boot.obj (.stack)
                  00013938    000003f8     --HOLE--

.sysmem    0    00013d30    00000400     UNINITIALIZED
                  00013d30    00000008     rts6400.lib : memory.obj (.sysmem)
                  00013d38    000003f8     --HOLE--

.const     0    00014130    0000026c     
                  00014130    00000101     rts6400.lib : ctype.obj (.const:__ctypes_)
                  00014231    00000002                 : fputs.obj (.const:.string)
                  00014233    00000001     --HOLE-- [fill = 0]
                  00014234    000000c0     dsk6416bsl.lib : dsk6416.obj (.const)
                  000142f4    00000070                    : dsk6416_aic23_opencodec.obj (.const)
                  00014364    00000023     rts6400.lib : _printfi.obj (.const:.string)
                  00014387    00000001     --HOLE-- [fill = 0]
                  00014388    00000008                 : divd.obj (.const:_initial_approx$1)
                  00014390    00000008                 : divf.obj (.const:_initial_approx$1)
                  00014398    00000004     RingMod_Main.obj (.const:.string)

.cio       0    0001439c    00000120     UNINITIALIZED
                  0001439c    00000120     rts6400.lib : trgmsg.obj (.cio)


GLOBAL SYMBOLS: SORTED ALPHABETICALLY BY Name 

address    name
--------   ----
00000220   $bss
00000220   .bss
00000220   .text
0000d760   C$$EXIT
0000d418   C$$IO$$
0000f828   _A
000119a0   _AIC23CfgData
00011994   _AIC_data
0000fc28   _B
00010028   _C
00010428   _D
00011b08   _DSK6416_AIC23_codeccontrolhandle
00011b0c   _DSK6416_AIC23_codecdatahandle
00008cfc   _DSK6416_AIC23_config
00008980   _DSK6416_AIC23_openCodec
00008cbc   _DSK6416_AIC23_rget
00008ba0   _DSK6416_AIC23_rset
0000b340   _DSK6416_AIC23_setFreq
0000d044   _DSK6416_DIP_get
0000d040   _DSK6416_DIP_init
00005b8c   _DSK6416_getVersion
000058a0   _DSK6416_init
00005a50   _DSK6416_rget
00005a88   _DSK6416_rset
0001155c   _DSK6416_version
00005ad0   _DSK6416_wait
00005b40   _DSK6416_waitusec
00010828   _E
0000c540   _EMIFA_config
0000c5e0   _EMIFB_config
00010c28   _F
00011048   _H
0000bd00   _HOSTclose
0000a2c0   _HOSTlseek
0000a740   _HOSTopen
0000a840   _HOSTread
00008dc0   _HOSTrename
0000b440   _HOSTunlink
0000a940   _HOSTwrite
000110a8   _H_init
00008fc0   _IRQ_map
0000bdc0   _MCBSP_config
0000b520   _MCBSP_open
0000d640   _MCBSP_read
000091a0   _MCBSP_reset
0000d660   _MCBSP_rrdy
0000b600   _MCBSP_start
0000d680   _MCBSP_write
0000d6a0   _MCBSP_xrdy
000113d8   _Mask
000111c8   _V
0000d7c0   _W
000015b8   _WH_norm
000112d0   _WHmul
00011108   _W_col_sum
0000149c   _W_rand
00011168   _WtV
0001439c   __CIOBUF_
000117f0   __IRQ_dispatchTable
00011728   __IRQ_eventTable
0000d7a0   __IRQ_hookFetchPacket
000117b0   __IRQ_intTable
00011a38   __MCBSP_hDev0
00011a3c   __MCBSP_hDev1
00011a40   __MCBSP_hDev2
00013d30   __STACK_END
00000400   __STACK_SIZE
00000400   __SYSMEM_SIZE
00000001   __TI_args_main
00011b04   ___TI_enable_exit_profile_output
ffffffff   ___TI_pprof_out_hndl
ffffffff   ___TI_prof_data_size
ffffffff   ___TI_prof_data_start
ffffffff   ___binit__
00000220   ___bss__
ffffffff   ___c_args__
00011b28   ___cinit__
00000220   ___end__
0000d7c0   ___etext__
0000d420   ___isinf
ffffffff   ___pinit__
00000220   ___text__
00007700   __addd
00005120   __addf
0000d520   __args_main
0000a3e0   __auto_init
0000aa40   __c6xabi_divi
0000bf40   __c6xabi_divu
0000c180   __c6xabi_remi
0000b6e0   __cleanup
00011afc   __cleanup_ptr
0000b7c0   __cmpd
0000c680   __cmpf
00014130   __ctypes_
0000be80   __cvtdf
0000d0c0   __cvtfd
00002300   __divd
00004460   __divf
0000aa40   __divi
0000c720   __divli
0000bf40   __divu
000098e0   __divul
00006c80   __divull
0000b980   __doflush
00011b00   __dtors_ptr
0000c7c0   __fixdi
0000c860   __fixdli
0000c900   __fixfi
0000d120   __fltid
0000d180   __fltif
0000ccc0   __fltlid
00007960   __frcaddd
0000a500   __frcmpyd
00007bc0   __frcmpyd_div
0000d1e0   __frcmpyf
0000c9a0   __frcmpyf_div
000116f0   __ft_end
00011560   __ftable
0000cd40   __llshl
0000d240   __llshru
00011b10   __lock
00007200   __mpyd
000082e0   __mpyf
0000cdc0   __mpyll
0000d560   __negd
0000d6c0   __negll
0000d6e0   __nop
00009d60   __nround
00003ac0   __printfi
0000c180   __remi
0000d2a0   __remli
0000ca40   __renormd
00013930   __stack
0000c240   __strasg
0000d300   __subcull
0000d5a0   __subd
0000d5e0   __subf
00013d30   __sys_memory
00011650   __tmpnams
0000d740   __trunc
00011b14   __unlock
0000ab40   __wrt_ok
0000d760   _abort
0000a620   _atoi
00011534   _brwa
00003020   _c6416_dsk_init
0000d360   _c_int00
00001860   _c_int11
0000ac40   _close
000031d0   _comm_intr
000031a8   _comm_poll
000119d8   _config
0000cae0   _copy_in
00003fa0   _cos
00011528   _div_1
0001152c   _div_2
00011524   _div_o
00000d60   _divide_1_a
00000ed4   _divide_1_b
00001048   _divide_2
00000b40   _divide_pre
000116f4   _errno
0000ad40   _exit
0000a180   _fclose
00011500   _fft_c
00011504   _fft_c_l
00011508   _fft_c_r
00000220   _fft_step
000114f8   _fill
000114fc   _fill_c
0000a020   _fputc
00006340   _fputs
000069a0   _free
00009380   _frexp
0000f020   _fs
0000ae40   _fseek
000119ec   _hAIC23_handle
00011538   _half_N
000114e0   _im
00011028   _in_buffer
00011540   _ind_fft
000114f0   _ind_in
000114f4   _ind_out
00011554   _index
000034c4   _input_left_sample
00003538   _input_right_sample
00003434   _input_sample
00011034   _input_time
0000f024   _inputsource
00008520   _ldexp
0001154c   _leg_diff
00011548   _lower_leg
0000af40   _lseek
0000b040   _ltoa
000114e4   _mag
000016d8   _main
00009560   _malloc
0000ce40   _memccpy
0000bb40   _memcpy
0000b140   _memset
0000bc20   _modf
00011530   _mul
000114ec   _mul_sub
00011514   _nmf_c
00000700   _nmf_iter_1
00000954   _nmf_iter_2
00011518   _nmf_iter_num
00011520   _nmf_no
000005a4   _nmf_w_sum
0001153c   _num_of_init
00011550   _num_stages
0001102c   _out_buffer
00011030   _out_buffer_R
00003348   _output_left_sample
000033c0   _output_right_sample
000032c0   _output_sample
00011038   _output_time1
0001103c   _output_time2
0000cec0   _printf
0000a020   _putc
0000cc20   _rand
000114dc   _re
0000cf40   _readmsg
0000d780   _remove
000114e8   _row_sub
00009720   _setvbuf
000048c0   _sin
00006f40   _sqrt
0001151c   _stage
00011558   _step
0001150c   _stft2v
0000f028   _twiddle
00001380   _twiddle_ge
0000f428   _twiddlei
0000cfc0   _unlink
00011544   _upper_leg
00000020   _vector1
00000140   _vector10
00000180   _vector12
000001a0   _vector13
000001c0   _vector14
000001e0   _vector15
00000040   _vector2
00000060   _vector3
00000080   _vector4
000000a0   _vector5
000000c0   _vector6
000000e0   _vector7
00000100   _vector8
00000120   _vector9
00000000   _vectors
00011510   _w_sum
0000b240   _write
0000d3c0   _writemsg
00011040   _zeroc
ffffffff   binit
00011b28   cinit
00000220   end
0000d7c0   etext
ffffffff   pinit


GLOBAL SYMBOLS: SORTED BY Symbol Address 

address    name
--------   ----
00000000   _vectors
00000001   __TI_args_main
00000020   _vector1
00000040   _vector2
00000060   _vector3
00000080   _vector4
000000a0   _vector5
000000c0   _vector6
000000e0   _vector7
00000100   _vector8
00000120   _vector9
00000140   _vector10
00000180   _vector12
000001a0   _vector13
000001c0   _vector14
000001e0   _vector15
00000220   $bss
00000220   .bss
00000220   .text
00000220   ___bss__
00000220   ___end__
00000220   ___text__
00000220   _fft_step
00000220   end
00000400   __STACK_SIZE
00000400   __SYSMEM_SIZE
000005a4   _nmf_w_sum
00000700   _nmf_iter_1
00000954   _nmf_iter_2
00000b40   _divide_pre
00000d60   _divide_1_a
00000ed4   _divide_1_b
00001048   _divide_2
00001380   _twiddle_ge
0000149c   _W_rand
000015b8   _WH_norm
000016d8   _main
00001860   _c_int11
00002300   __divd
00003020   _c6416_dsk_init
000031a8   _comm_poll
000031d0   _comm_intr
000032c0   _output_sample
00003348   _output_left_sample
000033c0   _output_right_sample
00003434   _input_sample
000034c4   _input_left_sample
00003538   _input_right_sample
00003ac0   __printfi
00003fa0   _cos
00004460   __divf
000048c0   _sin
00005120   __addf
000058a0   _DSK6416_init
00005a50   _DSK6416_rget
00005a88   _DSK6416_rset
00005ad0   _DSK6416_wait
00005b40   _DSK6416_waitusec
00005b8c   _DSK6416_getVersion
00006340   _fputs
000069a0   _free
00006c80   __divull
00006f40   _sqrt
00007200   __mpyd
00007700   __addd
00007960   __frcaddd
00007bc0   __frcmpyd_div
000082e0   __mpyf
00008520   _ldexp
00008980   _DSK6416_AIC23_openCodec
00008ba0   _DSK6416_AIC23_rset
00008cbc   _DSK6416_AIC23_rget
00008cfc   _DSK6416_AIC23_config
00008dc0   _HOSTrename
00008fc0   _IRQ_map
000091a0   _MCBSP_reset
00009380   _frexp
00009560   _malloc
00009720   _setvbuf
000098e0   __divul
00009d60   __nround
0000a020   _fputc
0000a020   _putc
0000a180   _fclose
0000a2c0   _HOSTlseek
0000a3e0   __auto_init
0000a500   __frcmpyd
0000a620   _atoi
0000a740   _HOSTopen
0000a840   _HOSTread
0000a940   _HOSTwrite
0000aa40   __c6xabi_divi
0000aa40   __divi
0000ab40   __wrt_ok
0000ac40   _close
0000ad40   _exit
0000ae40   _fseek
0000af40   _lseek
0000b040   _ltoa
0000b140   _memset
0000b240   _write
0000b340   _DSK6416_AIC23_setFreq
0000b440   _HOSTunlink
0000b520   _MCBSP_open
0000b600   _MCBSP_start
0000b6e0   __cleanup
0000b7c0   __cmpd
0000b980   __doflush
0000bb40   _memcpy
0000bc20   _modf
0000bd00   _HOSTclose
0000bdc0   _MCBSP_config
0000be80   __cvtdf
0000bf40   __c6xabi_divu
0000bf40   __divu
0000c180   __c6xabi_remi
0000c180   __remi
0000c240   __strasg
0000c540   _EMIFA_config
0000c5e0   _EMIFB_config
0000c680   __cmpf
0000c720   __divli
0000c7c0   __fixdi
0000c860   __fixdli
0000c900   __fixfi
0000c9a0   __frcmpyf_div
0000ca40   __renormd
0000cae0   _copy_in
0000cc20   _rand
0000ccc0   __fltlid
0000cd40   __llshl
0000cdc0   __mpyll
0000ce40   _memccpy
0000cec0   _printf
0000cf40   _readmsg
0000cfc0   _unlink
0000d040   _DSK6416_DIP_init
0000d044   _DSK6416_DIP_get
0000d0c0   __cvtfd
0000d120   __fltid
0000d180   __fltif
0000d1e0   __frcmpyf
0000d240   __llshru
0000d2a0   __remli
0000d300   __subcull
0000d360   _c_int00
0000d3c0   _writemsg
0000d418   C$$IO$$
0000d420   ___isinf
0000d520   __args_main
0000d560   __negd
0000d5a0   __subd
0000d5e0   __subf
0000d640   _MCBSP_read
0000d660   _MCBSP_rrdy
0000d680   _MCBSP_write
0000d6a0   _MCBSP_xrdy
0000d6c0   __negll
0000d6e0   __nop
0000d740   __trunc
0000d760   C$$EXIT
0000d760   _abort
0000d780   _remove
0000d7a0   __IRQ_hookFetchPacket
0000d7c0   _W
0000d7c0   ___etext__
0000d7c0   etext
0000f020   _fs
0000f024   _inputsource
0000f028   _twiddle
0000f428   _twiddlei
0000f828   _A
0000fc28   _B
00010028   _C
00010428   _D
00010828   _E
00010c28   _F
00011028   _in_buffer
0001102c   _out_buffer
00011030   _out_buffer_R
00011034   _input_time
00011038   _output_time1
0001103c   _output_time2
00011040   _zeroc
00011048   _H
000110a8   _H_init
00011108   _W_col_sum
00011168   _WtV
000111c8   _V
000112d0   _WHmul
000113d8   _Mask
000114dc   _re
000114e0   _im
000114e4   _mag
000114e8   _row_sub
000114ec   _mul_sub
000114f0   _ind_in
000114f4   _ind_out
000114f8   _fill
000114fc   _fill_c
00011500   _fft_c
00011504   _fft_c_l
00011508   _fft_c_r
0001150c   _stft2v
00011510   _w_sum
00011514   _nmf_c
00011518   _nmf_iter_num
0001151c   _stage
00011520   _nmf_no
00011524   _div_o
00011528   _div_1
0001152c   _div_2
00011530   _mul
00011534   _brwa
00011538   _half_N
0001153c   _num_of_init
00011540   _ind_fft
00011544   _upper_leg
00011548   _lower_leg
0001154c   _leg_diff
00011550   _num_stages
00011554   _index
00011558   _step
0001155c   _DSK6416_version
00011560   __ftable
00011650   __tmpnams
000116f0   __ft_end
000116f4   _errno
00011728   __IRQ_eventTable
000117b0   __IRQ_intTable
000117f0   __IRQ_dispatchTable
00011994   _AIC_data
000119a0   _AIC23CfgData
000119d8   _config
000119ec   _hAIC23_handle
00011a38   __MCBSP_hDev0
00011a3c   __MCBSP_hDev1
00011a40   __MCBSP_hDev2
00011afc   __cleanup_ptr
00011b00   __dtors_ptr
00011b04   ___TI_enable_exit_profile_output
00011b08   _DSK6416_AIC23_codeccontrolhandle
00011b0c   _DSK6416_AIC23_codecdatahandle
00011b10   __lock
00011b14   __unlock
00011b28   ___cinit__
00011b28   cinit
00013930   __stack
00013d30   __STACK_END
00013d30   __sys_memory
00014130   __ctypes_
0001439c   __CIOBUF_
ffffffff   ___TI_pprof_out_hndl
ffffffff   ___TI_prof_data_size
ffffffff   ___TI_prof_data_start
ffffffff   ___binit__
ffffffff   ___c_args__
ffffffff   ___pinit__
ffffffff   binit
ffffffff   pinit

[260 symbols]
