******************************************************************************
               TMS320C6x Linker PC v7.2.3                      
******************************************************************************
>> Linked Mon Apr 09 12:36:59 2018

OUTPUT FILE NAME:   <RingModLab.out>
ENTRY POINT SYMBOL: "_c_int00"  address: 00014280


MEMORY CONFIGURATION

         name            origin    length      used     unused   attr    fill
----------------------  --------  ---------  --------  --------  ----  --------
  IVECS                 00000000   00000220  00000200  00000020  RWIX
  IRAM                  00000220   0002fde0  00014826  0001b5ba  RWIX
  SDRAM                 80000000   00100000  00000000  00100000  RWIX
  FLASH                 90000000   00020000  00000000  00020000  RWIX


SECTION ALLOCATION MAP

 output                                  attributes/
section   page    origin      length       input sections
--------  ----  ----------  ----------   ----------------
.vectors   0    00000000    00000200     
                  00000000    00000200     Vectors_intr.obj (.vectors)

.far       0    00000220    000084f0     UNINITIALIZED
                  00000220    00008278     RingMod_Main.obj (.far)
                  00008498    00000100     csl6416.lib : csl_irq.obj (.far)
                  00008598    00000054                 : csl_mcbsp.obj (.far)
                  000085ec    00000050     c6416dskinit.obj (.far)
                  0000863c    00000004     dsk6416bsl.lib : dsk6416.obj (.far)
                  00008640    00000040     rts6400.lib : cos.obj (.far)
                  00008680    00000040                 : sin.obj (.far)
                  000086c0    00000020     dsk6416bsl.lib : dsk6416_aic23_setfreq.obj (.far)
                  000086e0    00000014                    : dsk6416_aic23_registers.obj (.far)
                  000086f4    0000000c     rts6400.lib : exit.obj (.far)
                  00008700    00000008     dsk6416bsl.lib : dsk6416_aic23_opencodec.obj (.far)
                  00008708    00000008     rts6400.lib : _lock.obj (.far)

.cinit     0    00008710    0000751c     
                  00008710    000071dc     RingMod_Main.obj (.cinit)
                  0000f8ec    00000004     --HOLE-- [fill = 0]
                  0000f8f0    0000012c     csl6416.lib : csl_irq.obj (.cinit)
                  0000fa1c    00000004     --HOLE-- [fill = 0]
                  0000fa20    0000007c                 : csl_mcbsp.obj (.cinit)
                  0000fa9c    00000004     --HOLE-- [fill = 0]
                  0000faa0    0000005c     c6416dskinit.obj (.cinit)
                  0000fafc    00000004     --HOLE-- [fill = 0]
                  0000fb00    00000048     rts6400.lib : cos.obj (.cinit)
                  0000fb48    00000048                 : sin.obj (.cinit)
                  0000fb90    0000002c                 : exit.obj (.cinit)
                  0000fbbc    00000004     --HOLE-- [fill = 0]
                  0000fbc0    00000028     dsk6416bsl.lib : dsk6416_aic23_setfreq.obj (.cinit)
                  0000fbe8    0000001c                    : dsk6416_aic23_registers.obj (.cinit)
                  0000fc04    00000004     --HOLE-- [fill = 0]
                  0000fc08    0000001c     rts6400.lib : _lock.obj (.cinit)
                  0000fc24    00000004     --HOLE-- [fill = 0]
                  0000fc28    00000004     (.pad.cinit) [fill = 0]

.text      0    0000fc40    000048c0     
                  0000fc40    00000760     RingMod_Main.obj (.text)
                  000103a0    00000560     c6416dskinit.obj (.text)
                  00010900    000004c0     rts6400.lib : cos.obj (.text:_cos)
                  00010dc0    00000480     RingMod_Main.obj (.text:retain)
                  00011240    00000460     rts6400.lib : sin.obj (.text:_sin)
                  000116a0    000003c0                 : addf.obj (.text:__addf)
                  00011a60    000003c0     dsk6416bsl.lib : dsk6416.obj (.text)
                  00011e20    00000280     rts6400.lib : mpyd.obj (.text:__mpyd)
                  000120a0    00000260                 : addd.obj (.text:__addd)
                  00012300    00000260                 : frcaddd.obj (.text:__frcaddd)
                  00012560    00000240                 : mpyf.obj (.text:__mpyf)
                  000127a0    00000220     dsk6416bsl.lib : dsk6416_aic23_opencodec.obj (.text)
                  000129c0    00000220                    : dsk6416_aic23_registers.obj (.text)
                  00012be0    000001e0     csl6416.lib : csl_irq.obj (.text:_IRQ_map)
                  00012dc0    000001e0                 : csl_mcbsp.obj (.text:_MCBSP_reset)
                  00012fa0    00000160     rts6400.lib : round.obj (.text:__nround)
                  00013100    00000120                 : autoinit.obj (.text:__auto_init)
                  00013220    00000120                 : frcmpyd.obj (.text:__frcmpyd)
                  00013340    00000100                 : exit.obj (.text:_exit)
                  00013440    00000100     dsk6416bsl.lib : dsk6416_aic23_setfreq.obj (.text)
                  00013540    000000e0     csl6416.lib : csl_mcbsp.obj (.text:_MCBSP_open)
                  00013620    000000e0                 : csl_mcbsp.obj (.text:_MCBSP_start)
                  00013700    000000e0     rts6400.lib : cmpd.obj (.text:__cmpd)
                  000137e0    000000e0                 : memcpy64.obj (.text:_memcpy)
                  000138c0    000000e0                 : modf.obj (.text:_modf)
                  000139a0    000000c0     csl6416.lib : csl_mcbsp.obj (.text:_MCBSP_config)
                  00013a60    000000c0     rts6400.lib : cvtdf.obj (.text:__cvtdf)
                  00013b20    000000c0                 : strasg.obj (.text:__strasg)
                  00013be0    000000c0     csl6416.lib : csl_irq.obj (.text:_setMux)
                  00013ca0    000000a0                 : csl_emifa.obj (.text:_EMIFA_config)
                  00013d40    000000a0                 : csl_emifb.obj (.text:_EMIFB_config)
                  00013de0    000000a0     rts6400.lib : cmpf.obj (.text:__cmpf)
                  00013e80    000000a0                 : fixdi.obj (.text:__fixdi)
                  00013f20    000000a0                 : fixfi.obj (.text:__fixfi)
                  00013fc0    000000a0                 : renormd.obj (.text:__renormd)
                  00014060    000000a0                 : cpy_tbl.obj (.text:_copy_in)
                  00014100    00000060                 : cvtfd.obj (.text:__cvtfd)
                  00014160    00000060                 : fltid.obj (.text:__fltid)
                  000141c0    00000060                 : fltif.obj (.text:__fltif)
                  00014220    00000060                 : frcmpyf.obj (.text:__frcmpyf)
                  00014280    00000060                 : boot.obj (.text:_c_int00)
                  000142e0    00000040                 : args_main.obj (.text:__args_main)
                  00014320    00000040                 : negd.obj (.text:__negd)
                  00014360    00000040                 : subd.obj (.text:__subd)
                  000143a0    00000040                 : subf.obj (.text:__subf)
                  000143e0    00000020     Vectors_intr.obj (.text)
                  00014400    00000020     csl6416.lib : csl_mcbsp.obj (.text:_MCBSP_read)
                  00014420    00000020                 : csl_mcbsp.obj (.text:_MCBSP_rrdy)
                  00014440    00000020                 : csl_mcbsp.obj (.text:_MCBSP_write)
                  00014460    00000020                 : csl_mcbsp.obj (.text:_MCBSP_xrdy)
                  00014480    00000020     rts6400.lib : _lock.obj (.text:__nop)
                  000144a0    00000020                 : trunc.obj (.text:__trunc)
                  000144c0    00000020                 : exit.obj (.text:_abort)
                  000144e0    00000020     csl6416.lib : csl_irq.obj (.text)

.stack     0    00014500    00000400     UNINITIALIZED
                  00014500    00000008     rts6400.lib : boot.obj (.stack)
                  00014508    000003f8     --HOLE--

.const     0    00014900    00000130     
                  00014900    000000c0     dsk6416bsl.lib : dsk6416.obj (.const)
                  000149c0    00000070                    : dsk6416_aic23_opencodec.obj (.const)

.bss       0    00014a30    0000002a     UNINITIALIZED
                  00014a30    00000020     RingMod_Main.obj (.bss)
                  00014a50    0000000a     c6416dskinit.obj (.bss)


GLOBAL SYMBOLS: SORTED ALPHABETICALLY BY Name 

address    name
--------   ----
00014a30   $bss
00014a30   .bss
0000fc40   .text
000144c0   C$$EXIT
00007f90   _A
000085f0   _AIC23CfgData
000085ec   _AIC_data
00008090   _B
00008700   _DSK6416_AIC23_codeccontrolhandle
00008704   _DSK6416_AIC23_codecdatahandle
00012b1c   _DSK6416_AIC23_config
000127a0   _DSK6416_AIC23_openCodec
00012adc   _DSK6416_AIC23_rget
000129c0   _DSK6416_AIC23_rset
00013440   _DSK6416_AIC23_setFreq
00011d4c   _DSK6416_getVersion
00011a60   _DSK6416_init
00011c10   _DSK6416_rget
00011c48   _DSK6416_rset
0000863c   _DSK6416_version
00011c90   _DSK6416_wait
00011d00   _DSK6416_waitusec
00013ca0   _EMIFA_config
00013d40   _EMIFB_config
00012be0   _IRQ_map
000139a0   _MCBSP_config
00013540   _MCBSP_open
00014400   _MCBSP_read
00012dc0   _MCBSP_reset
00014420   _MCBSP_rrdy
00013620   _MCBSP_start
00014440   _MCBSP_write
00014460   _MCBSP_xrdy
00008590   __IRQ_dispatchTable
000084c8   __IRQ_eventTable
000144e0   __IRQ_hookFetchPacket
00008550   __IRQ_intTable
000085e0   __MCBSP_hDev0
000085e4   __MCBSP_hDev1
000085e8   __MCBSP_hDev2
00014900   __STACK_END
00000400   __STACK_SIZE
00000001   __TI_args_main
000086fc   ___TI_enable_exit_profile_output
ffffffff   ___TI_pprof_out_hndl
ffffffff   ___TI_prof_data_size
ffffffff   ___TI_prof_data_start
ffffffff   ___binit__
00014a30   ___bss__
ffffffff   ___c_args__
00008710   ___cinit__
00014a5a   ___end__
00014500   ___etext__
ffffffff   ___pinit__
0000fc40   ___text__
000120a0   __addd
000116a0   __addf
000142e0   __args_main
00013100   __auto_init
000086f4   __cleanup_ptr
00013700   __cmpd
00013de0   __cmpf
00013a60   __cvtdf
00014100   __cvtfd
000086f8   __dtors_ptr
00013e80   __fixdi
00013f20   __fixfi
00014160   __fltid
000141c0   __fltif
00012300   __frcaddd
00013220   __frcmpyd
00014220   __frcmpyf
00008708   __lock
00011e20   __mpyd
00012560   __mpyf
00014320   __negd
00014480   __nop
00012fa0   __nround
00013fc0   __renormd
00014500   __stack
00013b20   __strasg
00014360   __subd
000143a0   __subf
000144a0   __trunc
0000870c   __unlock
000144c0   _abort
0001069c   _c6416_dsk_init
00014280   _c_int00
00010dc0   _c_int11
0001081c   _comm_intr
000107fc   _comm_poll
00008628   _config
00014060   _copy_in
00010900   _cos
00013340   _exit
0000ff98   _fft
00014a4c   _fft_c
00014a48   _fill
00000220   _filter1
00003ad8   _filter2
00014a30   _fs
00014a58   _hAIC23_handle
0000fd60   _hanwin
00014a38   _in_buffer1
00014a3c   _in_buffer2
00014a40   _ind_in
00014a44   _ind_out
00010630   _input_left_sample
000105c4   _input_right_sample
00010540   _input_sample
00007b90   _input_time
00014a34   _inputsource
0000fe6c   _main
000137e0   _memcpy
000138c0   _modf
00008190   _out_buffer
000104c0   _output_left_sample
00010438   _output_right_sample
000103a0   _output_sample
00011240   _sin
00007390   _twiddle
0000fc40   _twiddle_ge
00007790   _twiddlei
00000020   _vector1
00000140   _vector10
00000180   _vector12
000001a0   _vector13
000001c0   _vector14
000001e0   _vector15
00000040   _vector2
00000060   _vector3
00000080   _vector4
000000a0   _vector5
000000c0   _vector6
000000e0   _vector7
00000100   _vector8
00000120   _vector9
00000000   _vectors
00008398   _windows
00008390   _zeroc
ffffffff   binit
00008710   cinit
00014a5a   end
00014500   etext
ffffffff   pinit


GLOBAL SYMBOLS: SORTED BY Symbol Address 

address    name
--------   ----
00000000   _vectors
00000001   __TI_args_main
00000020   _vector1
00000040   _vector2
00000060   _vector3
00000080   _vector4
000000a0   _vector5
000000c0   _vector6
000000e0   _vector7
00000100   _vector8
00000120   _vector9
00000140   _vector10
00000180   _vector12
000001a0   _vector13
000001c0   _vector14
000001e0   _vector15
00000220   _filter1
00000400   __STACK_SIZE
00003ad8   _filter2
00007390   _twiddle
00007790   _twiddlei
00007b90   _input_time
00007f90   _A
00008090   _B
00008190   _out_buffer
00008390   _zeroc
00008398   _windows
000084c8   __IRQ_eventTable
00008550   __IRQ_intTable
00008590   __IRQ_dispatchTable
000085e0   __MCBSP_hDev0
000085e4   __MCBSP_hDev1
000085e8   __MCBSP_hDev2
000085ec   _AIC_data
000085f0   _AIC23CfgData
00008628   _config
0000863c   _DSK6416_version
000086f4   __cleanup_ptr
000086f8   __dtors_ptr
000086fc   ___TI_enable_exit_profile_output
00008700   _DSK6416_AIC23_codeccontrolhandle
00008704   _DSK6416_AIC23_codecdatahandle
00008708   __lock
0000870c   __unlock
00008710   ___cinit__
00008710   cinit
0000fc40   .text
0000fc40   ___text__
0000fc40   _twiddle_ge
0000fd60   _hanwin
0000fe6c   _main
0000ff98   _fft
000103a0   _output_sample
00010438   _output_right_sample
000104c0   _output_left_sample
00010540   _input_sample
000105c4   _input_right_sample
00010630   _input_left_sample
0001069c   _c6416_dsk_init
000107fc   _comm_poll
0001081c   _comm_intr
00010900   _cos
00010dc0   _c_int11
00011240   _sin
000116a0   __addf
00011a60   _DSK6416_init
00011c10   _DSK6416_rget
00011c48   _DSK6416_rset
00011c90   _DSK6416_wait
00011d00   _DSK6416_waitusec
00011d4c   _DSK6416_getVersion
00011e20   __mpyd
000120a0   __addd
00012300   __frcaddd
00012560   __mpyf
000127a0   _DSK6416_AIC23_openCodec
000129c0   _DSK6416_AIC23_rset
00012adc   _DSK6416_AIC23_rget
00012b1c   _DSK6416_AIC23_config
00012be0   _IRQ_map
00012dc0   _MCBSP_reset
00012fa0   __nround
00013100   __auto_init
00013220   __frcmpyd
00013340   _exit
00013440   _DSK6416_AIC23_setFreq
00013540   _MCBSP_open
00013620   _MCBSP_start
00013700   __cmpd
000137e0   _memcpy
000138c0   _modf
000139a0   _MCBSP_config
00013a60   __cvtdf
00013b20   __strasg
00013ca0   _EMIFA_config
00013d40   _EMIFB_config
00013de0   __cmpf
00013e80   __fixdi
00013f20   __fixfi
00013fc0   __renormd
00014060   _copy_in
00014100   __cvtfd
00014160   __fltid
000141c0   __fltif
00014220   __frcmpyf
00014280   _c_int00
000142e0   __args_main
00014320   __negd
00014360   __subd
000143a0   __subf
00014400   _MCBSP_read
00014420   _MCBSP_rrdy
00014440   _MCBSP_write
00014460   _MCBSP_xrdy
00014480   __nop
000144a0   __trunc
000144c0   C$$EXIT
000144c0   _abort
000144e0   __IRQ_hookFetchPacket
00014500   ___etext__
00014500   __stack
00014500   etext
00014900   __STACK_END
00014a30   $bss
00014a30   .bss
00014a30   ___bss__
00014a30   _fs
00014a34   _inputsource
00014a38   _in_buffer1
00014a3c   _in_buffer2
00014a40   _ind_in
00014a44   _ind_out
00014a48   _fill
00014a4c   _fft_c
00014a58   _hAIC23_handle
00014a5a   ___end__
00014a5a   end
ffffffff   ___TI_pprof_out_hndl
ffffffff   ___TI_prof_data_size
ffffffff   ___TI_prof_data_start
ffffffff   ___binit__
ffffffff   ___c_args__
ffffffff   ___pinit__
ffffffff   binit
ffffffff   pinit

[145 symbols]
